// Jest Snapshot v1, https://goo.gl/fbAQLP

exports[`should match Caculator snapshot 1`] = `
<div
  className="calculator"
>
  <div
    className="output"
    onChange={[Function]}
  >
    0
  </div>
  <div
    className="row"
  >
    <button
      onClick={[Function]}
      type="button"
    >
      AC
    </button>
    <button
      onClick={[Function]}
      type="button"
    >
      +/-
    </button>
    <button
      onClick={[Function]}
      type="button"
    >
      %
    </button>
    <button
      className="sign"
      onClick={[Function]}
      type="button"
    >
      รท
    </button>
  </div>
  <div
    className="row"
  >
    <button
      onClick={[Function]}
      type="button"
    >
      7
    </button>
    <button
      onClick={[Function]}
      type="button"
    >
      8
    </button>
    <button
      onClick={[Function]}
      type="button"
    >
      9
    </button>
    <button
      className="sign"
      onClick={[Function]}
      type="button"
    >
      x
    </button>
  </div>
  <div
    className="row"
  >
    <button
      onClick={[Function]}
      type="button"
    >
      4
    </button>
    <button
      onClick={[Function]}
      type="button"
    >
      5
    </button>
    <button
      onClick={[Function]}
      type="button"
    >
      6
    </button>
    <button
      className="sign"
      onClick={[Function]}
      type="button"
    >
      -
    </button>
  </div>
  <div
    className="row"
  >
    <button
      onClick={[Function]}
      type="button"
    >
      1
    </button>
    <button
      onClick={[Function]}
      type="button"
    >
      2
    </button>
    <button
      onClick={[Function]}
      type="button"
    >
      3
    </button>
    <button
      className="sign"
      onClick={[Function]}
      type="button"
    >
      +
    </button>
  </div>
  <div
    className="row"
  >
    <button
      onClick={[Function]}
      type="button"
    >
      0
    </button>
    <button
      className="equal"
      onClick={[Function]}
      type="button"
    >
      =
    </button>
  </div>
</div>
`;
