// Jest Snapshot v1, https://goo.gl/fbAQLP

exports[`should match Home snapshot 1`] = `
<div
  className="home"
>
  <h2>
    welcome to homepage
  </h2>
  <p>
    Mathemagician is a neologism, specifically a portmanteau, that combines mathematician and magician. A great number of self-working mentalism tricks rely on mathematical principles. Max Maven often utilizes this type of magic in his performance.
  </p>
</div>
`;
