// Jest Snapshot v1, https://goo.gl/fbAQLP

exports[`should match Header snapshot 1`] = `
<header
  className="header"
>
  <a
    aria-current="page"
    className="htitle active"
    href="/"
    onClick={[Function]}
  >
    Math Magicians
  </a>
  <nav>
    <ul
      className="nlink"
    >
      <li>
        <a
          aria-current="page"
          className="active"
          href="/"
          onClick={[Function]}
        >
          Home
        </a>
      </li>
      <li>
        <a
          className=""
          href="/Calculator"
          onClick={[Function]}
        >
          Calculator
        </a>
      </li>
      <li>
        <a
          className=""
          href="/Quote"
          onClick={[Function]}
        >
          Quote
        </a>
      </li>
    </ul>
  </nav>
</header>
`;
