// Jest Snapshot v1, https://goo.gl/fbAQLP

exports[`should match Quote snapshot 1`] = `
<div
  className="quote"
>
  Without mathematics, there’s nothing you can do. Everything around you is mathematics. Everything around you is numbers.
  <br />
  — Shakuntala Devi, Indian writer and mental calculator
</div>
`;
